This file contains any messages produced by compilers while
running configure, to aid debugging if configure makes a mistake.

It was created by FULL-PACKAGE-NAME configure VERSION, which was
generated by GNU Autoconf 2.69.  Invocation command line was

  $ ./configure F77=mpif77 FC=mpif77 CC=mpicc CXX=mpicxx MKLFLAGS=-L/apps/compilers/intel/2025/1.0.666/mkl/latest/lib MKLLIBS=-Wl,--start-group -lmkl_intel_lp64 -lmkl_sequential -lmkl_core -Wl,--end-group FCFLAGS=-D__fortran -D__fortran77 -DMPIF2C -Zp8 -zero -traceback -DMPI2 -shared-intel -O2 -msse3 -axcore-avx2,core-avx-i CFLAGS=-DMPIF2C -DC_SUFFIX -DMPI2 -DCB_SUFFIX -shared-intel -O2 -msse3 -axcore-avx2,core-avx-i CXXFLAGS=-DMPIF2C -DC_SUFFIX -DCB_SUFFIX -DMPI2 -shared-intel -O2 -msse3 -axcore-avx2,core-avx-i --enable-mkl

## --------- ##
## Platform. ##
## --------- ##

hostname = login8.ufhpc
uname -m = x86_64
uname -r = 5.14.0-687.10.1.el9_8.x86_64
uname -s = Linux
uname -v = #1 SMP PREEMPT_DYNAMIC Mon May 18 15:13:25 EDT 2026

/usr/bin/uname -p = x86_64
/bin/uname -X     = unknown

/bin/arch              = x86_64
/usr/bin/arch -k       = unknown
/usr/convex/getsysinfo = unknown
/usr/bin/hostinfo      = unknown
/bin/machine           = unknown
/usr/bin/oslevel       = unknown
/bin/universe          = unknown

PATH: /apps/mpi/intel/2025.1.0/openmpi/5.0.7/bin
PATH: /apps/compilers/intel/2025/1.0.666/dev-utilities/latest/bin
PATH: /apps/compilers/gcc/14.2.0/bin
PATH: /apps/compilers/intel/2025/1.0.666/dpcpp-ct/latest/bin
PATH: /apps/compilers/intel/2025/1.0.666/advisor/latest/bin64
PATH: /apps/compilers/intel/2025/1.0.666/vtune/latest/bin64
PATH: /apps/compilers/intel/2025/1.0.666/debugger/latest/bin
PATH: /apps/compilers/intel/2025/1.0.666/compiler/latest/bin
PATH: /home/perera/bin
PATH: /home/perera/Develop/bin
PATH: /opt/slurm/bin
PATH: /usr/local/bin
PATH: /usr/bin
PATH: /usr/local/sbin
PATH: /usr/sbin
PATH: /opt/puppetlabs/bin
PATH: /bin
PATH: /apps/ufhpc/bin
PATH: .local/bin


## ----------- ##
## Core tests. ##
## ----------- ##

configure:3243: checking how to run the C preprocessor
configure:3274: mpicc -E  conftest.c
configure:3274: $? = 0
configure:3288: mpicc -E  conftest.c
conftest.c:9:10: fatal error: 'ac_nonexistent.h' file not found
    9 | #include <ac_nonexistent.h>
      |          ^~~~~~~~~~~~~~~~~~
1 error generated.
configure:3288: $? = 1
configure: failed program was:
| /* confdefs.h */
| #define PACKAGE_NAME "FULL-PACKAGE-NAME"
| #define PACKAGE_TARNAME "full-package-name"
| #define PACKAGE_VERSION "VERSION"
| #define PACKAGE_STRING "FULL-PACKAGE-NAME VERSION"
| #define PACKAGE_BUGREPORT "BUG-REPORT-ADDRESS"
| #define PACKAGE_URL ""
| /* end confdefs.h.  */
| #include <ac_nonexistent.h>
configure:3313: result: mpicc -E
configure:3333: mpicc -E  conftest.c
configure:3333: $? = 0
configure:3347: mpicc -E  conftest.c
conftest.c:9:10: fatal error: 'ac_nonexistent.h' file not found
    9 | #include <ac_nonexistent.h>
      |          ^~~~~~~~~~~~~~~~~~
1 error generated.
configure:3347: $? = 1
configure: failed program was:
| /* confdefs.h */
| #define PACKAGE_NAME "FULL-PACKAGE-NAME"
| #define PACKAGE_TARNAME "full-package-name"
| #define PACKAGE_VERSION "VERSION"
| #define PACKAGE_STRING "FULL-PACKAGE-NAME VERSION"
| #define PACKAGE_BUGREPORT "BUG-REPORT-ADDRESS"
| #define PACKAGE_URL ""
| /* end confdefs.h.  */
| #include <ac_nonexistent.h>
configure:3376: checking for grep that handles long lines and -e
configure:3434: result: /usr/bin/grep
configure:3439: checking for egrep
configure:3501: result: /usr/bin/grep -E
configure:3506: checking for ANSI C header files
configure:3526: mpicc -c -DMPIF2C -DC_SUFFIX -DMPI2 -DCB_SUFFIX -shared-intel -O2 -msse3 -axcore-avx2,core-avx-i  conftest.c >&5
icx: warning: argument unused during compilation: '-shared-intel' [-Wunused-command-line-argument]
configure:3526: $? = 0
configure: failed program was:
| /* confdefs.h */
| #define PACKAGE_NAME "FULL-PACKAGE-NAME"
| #define PACKAGE_TARNAME "full-package-name"
| #define PACKAGE_VERSION "VERSION"
| #define PACKAGE_STRING "FULL-PACKAGE-NAME VERSION"
| #define PACKAGE_BUGREPORT "BUG-REPORT-ADDRESS"
| #define PACKAGE_URL ""
| /* end confdefs.h.  */
| #include <stdlib.h>
| #include <stdarg.h>
| #include <string.h>
| #include <float.h>
| 
| int
| main ()
| {
| 
|   ;
|   return 0;
| }
configure:3610: result: no
configure:3623: checking for sys/types.h
configure:3623: mpicc -c -DMPIF2C -DC_SUFFIX -DMPI2 -DCB_SUFFIX -shared-intel -O2 -msse3 -axcore-avx2,core-avx-i  conftest.c >&5
icx: warning: argument unused during compilation: '-shared-intel' [-Wunused-command-line-argument]
configure:3623: $? = 0
configure: failed program was:
| /* confdefs.h */
| #define PACKAGE_NAME "FULL-PACKAGE-NAME"
| #define PACKAGE_TARNAME "full-package-name"
| #define PACKAGE_VERSION "VERSION"
| #define PACKAGE_STRING "FULL-PACKAGE-NAME VERSION"
| #define PACKAGE_BUGREPORT "BUG-REPORT-ADDRESS"
| #define PACKAGE_URL ""
| /* end confdefs.h.  */
| #include <stdio.h>
| #ifdef HAVE_SYS_TYPES_H
| # include <sys/types.h>
| #endif
| #ifdef HAVE_SYS_STAT_H
| # include <sys/stat.h>
| #endif
| #ifdef STDC_HEADERS
| # include <stdlib.h>
| # include <stddef.h>
| #else
| # ifdef HAVE_STDLIB_H
| #  include <stdlib.h>
| # endif
| #endif
| #ifdef HAVE_STRING_H
| # if !defined STDC_HEADERS && defined HAVE_MEMORY_H
| #  include <memory.h>
| # endif
| # include <string.h>
| #endif
| #ifdef HAVE_STRINGS_H
| # include <strings.h>
| #endif
| #ifdef HAVE_INTTYPES_H
| # include <inttypes.h>
| #endif
| #ifdef HAVE_STDINT_H
| # include <stdint.h>
| #endif
| #ifdef HAVE_UNISTD_H
| # include <unistd.h>
| #endif
| 
| #include <sys/types.h>
configure:3623: result: no
configure:3623: checking for sys/stat.h
configure:3623: mpicc -c -DMPIF2C -DC_SUFFIX -DMPI2 -DCB_SUFFIX -shared-intel -O2 -msse3 -axcore-avx2,core-avx-i  conftest.c >&5
icx: warning: argument unused during compilation: '-shared-intel' [-Wunused-command-line-argument]
configure:3623: $? = 0
configure: failed program was:
| /* confdefs.h */
| #define PACKAGE_NAME "FULL-PACKAGE-NAME"
| #define PACKAGE_TARNAME "full-package-name"
| #define PACKAGE_VERSION "VERSION"
| #define PACKAGE_STRING "FULL-PACKAGE-NAME VERSION"
| #define PACKAGE_BUGREPORT "BUG-REPORT-ADDRESS"
| #define PACKAGE_URL ""
| /* end confdefs.h.  */
| #include <stdio.h>
| #ifdef HAVE_SYS_TYPES_H
| # include <sys/types.h>
| #endif
| #ifdef HAVE_SYS_STAT_H
| # include <sys/stat.h>
| #endif
| #ifdef STDC_HEADERS
| # include <stdlib.h>
| # include <stddef.h>
| #else
| # ifdef HAVE_STDLIB_H
| #  include <stdlib.h>
| # endif
| #endif
| #ifdef HAVE_STRING_H
| # if !defined STDC_HEADERS && defined HAVE_MEMORY_H
| #  include <memory.h>
| # endif
| # include <string.h>
| #endif
| #ifdef HAVE_STRINGS_H
| # include <strings.h>
| #endif
| #ifdef HAVE_INTTYPES_H
| # include <inttypes.h>
| #endif
| #ifdef HAVE_STDINT_H
| # include <stdint.h>
| #endif
| #ifdef HAVE_UNISTD_H
| # include <unistd.h>
| #endif
| 
| #include <sys/stat.h>
configure:3623: result: no
configure:3623: checking for stdlib.h
configure:3623: mpicc -c -DMPIF2C -DC_SUFFIX -DMPI2 -DCB_SUFFIX -shared-intel -O2 -msse3 -axcore-avx2,core-avx-i  conftest.c >&5
icx: warning: argument unused during compilation: '-shared-intel' [-Wunused-command-line-argument]
configure:3623: $? = 0
configure: failed program was:
| /* confdefs.h */
| #define PACKAGE_NAME "FULL-PACKAGE-NAME"
| #define PACKAGE_TARNAME "full-package-name"
| #define PACKAGE_VERSION "VERSION"
| #define PACKAGE_STRING "FULL-PACKAGE-NAME VERSION"
| #define PACKAGE_BUGREPORT "BUG-REPORT-ADDRESS"
| #define PACKAGE_URL ""
| /* end confdefs.h.  */
| #include <stdio.h>
| #ifdef HAVE_SYS_TYPES_H
| # include <sys/types.h>
| #endif
| #ifdef HAVE_SYS_STAT_H
| # include <sys/stat.h>
| #endif
| #ifdef STDC_HEADERS
| # include <stdlib.h>
| # include <stddef.h>
| #else
| # ifdef HAVE_STDLIB_H
| #  include <stdlib.h>
| # endif
| #endif
| #ifdef HAVE_STRING_H
| # if !defined STDC_HEADERS && defined HAVE_MEMORY_H
| #  include <memory.h>
| # endif
| # include <string.h>
| #endif
| #ifdef HAVE_STRINGS_H
| # include <strings.h>
| #endif
| #ifdef HAVE_INTTYPES_H
| # include <inttypes.h>
| #endif
| #ifdef HAVE_STDINT_H
| # include <stdint.h>
| #endif
| #ifdef HAVE_UNISTD_H
| # include <unistd.h>
| #endif
| 
| #include <stdlib.h>
configure:3623: result: no
configure:3623: checking for string.h
configure:3623: mpicc -c -DMPIF2C -DC_SUFFIX -DMPI2 -DCB_SUFFIX -shared-intel -O2 -msse3 -axcore-avx2,core-avx-i  conftest.c >&5
icx: warning: argument unused during compilation: '-shared-intel' [-Wunused-command-line-argument]
configure:3623: $? = 0
configure: failed program was:
| /* confdefs.h */
| #define PACKAGE_NAME "FULL-PACKAGE-NAME"
| #define PACKAGE_TARNAME "full-package-name"
| #define PACKAGE_VERSION "VERSION"
| #define PACKAGE_STRING "FULL-PACKAGE-NAME VERSION"
| #define PACKAGE_BUGREPORT "BUG-REPORT-ADDRESS"
| #define PACKAGE_URL ""
| /* end confdefs.h.  */
| #include <stdio.h>
| #ifdef HAVE_SYS_TYPES_H
| # include <sys/types.h>
| #endif
| #ifdef HAVE_SYS_STAT_H
| # include <sys/stat.h>
| #endif
| #ifdef STDC_HEADERS
| # include <stdlib.h>
| # include <stddef.h>
| #else
| # ifdef HAVE_STDLIB_H
| #  include <stdlib.h>
| # endif
| #endif
| #ifdef HAVE_STRING_H
| # if !defined STDC_HEADERS && defined HAVE_MEMORY_H
| #  include <memory.h>
| # endif
| # include <string.h>
| #endif
| #ifdef HAVE_STRINGS_H
| # include <strings.h>
| #endif
| #ifdef HAVE_INTTYPES_H
| # include <inttypes.h>
| #endif
| #ifdef HAVE_STDINT_H
| # include <stdint.h>
| #endif
| #ifdef HAVE_UNISTD_H
| # include <unistd.h>
| #endif
| 
| #include <string.h>
configure:3623: result: no
configure:3623: checking for memory.h
configure:3623: mpicc -c -DMPIF2C -DC_SUFFIX -DMPI2 -DCB_SUFFIX -shared-intel -O2 -msse3 -axcore-avx2,core-avx-i  conftest.c >&5
icx: warning: argument unused during compilation: '-shared-intel' [-Wunused-command-line-argument]
configure:3623: $? = 0
configure: failed program was:
| /* confdefs.h */
| #define PACKAGE_NAME "FULL-PACKAGE-NAME"
| #define PACKAGE_TARNAME "full-package-name"
| #define PACKAGE_VERSION "VERSION"
| #define PACKAGE_STRING "FULL-PACKAGE-NAME VERSION"
| #define PACKAGE_BUGREPORT "BUG-REPORT-ADDRESS"
| #define PACKAGE_URL ""
| /* end confdefs.h.  */
| #include <stdio.h>
| #ifdef HAVE_SYS_TYPES_H
| # include <sys/types.h>
| #endif
| #ifdef HAVE_SYS_STAT_H
| # include <sys/stat.h>
| #endif
| #ifdef STDC_HEADERS
| # include <stdlib.h>
| # include <stddef.h>
| #else
| # ifdef HAVE_STDLIB_H
| #  include <stdlib.h>
| # endif
| #endif
| #ifdef HAVE_STRING_H
| # if !defined STDC_HEADERS && defined HAVE_MEMORY_H
| #  include <memory.h>
| # endif
| # include <string.h>
| #endif
| #ifdef HAVE_STRINGS_H
| # include <strings.h>
| #endif
| #ifdef HAVE_INTTYPES_H
| # include <inttypes.h>
| #endif
| #ifdef HAVE_STDINT_H
| # include <stdint.h>
| #endif
| #ifdef HAVE_UNISTD_H
| # include <unistd.h>
| #endif
| 
| #include <memory.h>
configure:3623: result: no
configure:3623: checking for strings.h
configure:3623: mpicc -c -DMPIF2C -DC_SUFFIX -DMPI2 -DCB_SUFFIX -shared-intel -O2 -msse3 -axcore-avx2,core-avx-i  conftest.c >&5
icx: warning: argument unused during compilation: '-shared-intel' [-Wunused-command-line-argument]
configure:3623: $? = 0
configure: failed program was:
| /* confdefs.h */
| #define PACKAGE_NAME "FULL-PACKAGE-NAME"
| #define PACKAGE_TARNAME "full-package-name"
| #define PACKAGE_VERSION "VERSION"
| #define PACKAGE_STRING "FULL-PACKAGE-NAME VERSION"
| #define PACKAGE_BUGREPORT "BUG-REPORT-ADDRESS"
| #define PACKAGE_URL ""
| /* end confdefs.h.  */
| #include <stdio.h>
| #ifdef HAVE_SYS_TYPES_H
| # include <sys/types.h>
| #endif
| #ifdef HAVE_SYS_STAT_H
| # include <sys/stat.h>
| #endif
| #ifdef STDC_HEADERS
| # include <stdlib.h>
| # include <stddef.h>
| #else
| # ifdef HAVE_STDLIB_H
| #  include <stdlib.h>
| # endif
| #endif
| #ifdef HAVE_STRING_H
| # if !defined STDC_HEADERS && defined HAVE_MEMORY_H
| #  include <memory.h>
| # endif
| # include <string.h>
| #endif
| #ifdef HAVE_STRINGS_H
| # include <strings.h>
| #endif
| #ifdef HAVE_INTTYPES_H
| # include <inttypes.h>
| #endif
| #ifdef HAVE_STDINT_H
| # include <stdint.h>
| #endif
| #ifdef HAVE_UNISTD_H
| # include <unistd.h>
| #endif
| 
| #include <strings.h>
configure:3623: result: no
configure:3623: checking for inttypes.h
configure:3623: mpicc -c -DMPIF2C -DC_SUFFIX -DMPI2 -DCB_SUFFIX -shared-intel -O2 -msse3 -axcore-avx2,core-avx-i  conftest.c >&5
icx: warning: argument unused during compilation: '-shared-intel' [-Wunused-command-line-argument]
configure:3623: $? = 0
configure: failed program was:
| /* confdefs.h */
| #define PACKAGE_NAME "FULL-PACKAGE-NAME"
| #define PACKAGE_TARNAME "full-package-name"
| #define PACKAGE_VERSION "VERSION"
| #define PACKAGE_STRING "FULL-PACKAGE-NAME VERSION"
| #define PACKAGE_BUGREPORT "BUG-REPORT-ADDRESS"
| #define PACKAGE_URL ""
| /* end confdefs.h.  */
| #include <stdio.h>
| #ifdef HAVE_SYS_TYPES_H
| # include <sys/types.h>
| #endif
| #ifdef HAVE_SYS_STAT_H
| # include <sys/stat.h>
| #endif
| #ifdef STDC_HEADERS
| # include <stdlib.h>
| # include <stddef.h>
| #else
| # ifdef HAVE_STDLIB_H
| #  include <stdlib.h>
| # endif
| #endif
| #ifdef HAVE_STRING_H
| # if !defined STDC_HEADERS && defined HAVE_MEMORY_H
| #  include <memory.h>
| # endif
| # include <string.h>
| #endif
| #ifdef HAVE_STRINGS_H
| # include <strings.h>
| #endif
| #ifdef HAVE_INTTYPES_H
| # include <inttypes.h>
| #endif
| #ifdef HAVE_STDINT_H
| # include <stdint.h>
| #endif
| #ifdef HAVE_UNISTD_H
| # include <unistd.h>
| #endif
| 
| #include <inttypes.h>
configure:3623: result: no
configure:3623: checking for stdint.h
configure:3623: mpicc -c -DMPIF2C -DC_SUFFIX -DMPI2 -DCB_SUFFIX -shared-intel -O2 -msse3 -axcore-avx2,core-avx-i  conftest.c >&5
icx: warning: argument unused during compilation: '-shared-intel' [-Wunused-command-line-argument]
configure:3623: $? = 0
configure: failed program was:
| /* confdefs.h */
| #define PACKAGE_NAME "FULL-PACKAGE-NAME"
| #define PACKAGE_TARNAME "full-package-name"
| #define PACKAGE_VERSION "VERSION"
| #define PACKAGE_STRING "FULL-PACKAGE-NAME VERSION"
| #define PACKAGE_BUGREPORT "BUG-REPORT-ADDRESS"
| #define PACKAGE_URL ""
| /* end confdefs.h.  */
| #include <stdio.h>
| #ifdef HAVE_SYS_TYPES_H
| # include <sys/types.h>
| #endif
| #ifdef HAVE_SYS_STAT_H
| # include <sys/stat.h>
| #endif
| #ifdef STDC_HEADERS
| # include <stdlib.h>
| # include <stddef.h>
| #else
| # ifdef HAVE_STDLIB_H
| #  include <stdlib.h>
| # endif
| #endif
| #ifdef HAVE_STRING_H
| # if !defined STDC_HEADERS && defined HAVE_MEMORY_H
| #  include <memory.h>
| # endif
| # include <string.h>
| #endif
| #ifdef HAVE_STRINGS_H
| # include <strings.h>
| #endif
| #ifdef HAVE_INTTYPES_H
| # include <inttypes.h>
| #endif
| #ifdef HAVE_STDINT_H
| # include <stdint.h>
| #endif
| #ifdef HAVE_UNISTD_H
| # include <unistd.h>
| #endif
| 
| #include <stdint.h>
configure:3623: result: no
configure:3623: checking for unistd.h
configure:3623: mpicc -c -DMPIF2C -DC_SUFFIX -DMPI2 -DCB_SUFFIX -shared-intel -O2 -msse3 -axcore-avx2,core-avx-i  conftest.c >&5
icx: warning: argument unused during compilation: '-shared-intel' [-Wunused-command-line-argument]
configure:3623: $? = 0
configure: failed program was:
| /* confdefs.h */
| #define PACKAGE_NAME "FULL-PACKAGE-NAME"
| #define PACKAGE_TARNAME "full-package-name"
| #define PACKAGE_VERSION "VERSION"
| #define PACKAGE_STRING "FULL-PACKAGE-NAME VERSION"
| #define PACKAGE_BUGREPORT "BUG-REPORT-ADDRESS"
| #define PACKAGE_URL ""
| /* end confdefs.h.  */
| #include <stdio.h>
| #ifdef HAVE_SYS_TYPES_H
| # include <sys/types.h>
| #endif
| #ifdef HAVE_SYS_STAT_H
| # include <sys/stat.h>
| #endif
| #ifdef STDC_HEADERS
| # include <stdlib.h>
| # include <stddef.h>
| #else
| # ifdef HAVE_STDLIB_H
| #  include <stdlib.h>
| # endif
| #endif
| #ifdef HAVE_STRING_H
| # if !defined STDC_HEADERS && defined HAVE_MEMORY_H
| #  include <memory.h>
| # endif
| # include <string.h>
| #endif
| #ifdef HAVE_STRINGS_H
| # include <strings.h>
| #endif
| #ifdef HAVE_INTTYPES_H
| # include <inttypes.h>
| #endif
| #ifdef HAVE_STDINT_H
| # include <stdint.h>
| #endif
| #ifdef HAVE_UNISTD_H
| # include <unistd.h>
| #endif
| 
| #include <unistd.h>
configure:3623: result: no
configure:3637: checking for stdlib.h
configure:3637: result: no
configure:3808: creating ./config.status

## ---------------------- ##
## Running config.status. ##
## ---------------------- ##

This file was extended by FULL-PACKAGE-NAME config.status VERSION, which was
generated by GNU Autoconf 2.69.  Invocation command line was

  CONFIG_FILES    = 
  CONFIG_HEADERS  = 
  CONFIG_LINKS    = 
  CONFIG_COMMANDS = 
  $ ./config.status 

on login8.ufhpc

config.status:825: creating Makefile
config.status:825: creating src/main/Makefile
config.status:825: creating src/sial_compiler/compiler/Makefile
config.status:825: creating src/sial_compiler/sial/Makefile
config.status:825: creating src/aces/aces_sial/Makefile
config.status:825: creating src/aces/aces_library/special_directory/oed/Makefile
config.status:825: creating src/aces/aces_library/special_directory/dup/Makefile
config.status:825: creating src/aces/aces_library/special_directory/ecp/Makefile
config.status:825: creating src/aces/aces_library/special_directory/nlo/Makefile
config.status:825: creating src/aces/aces_library/special_directory/erd/Makefile
config.status:825: creating src/aces/aces_library/special_directory/erd_F12/Makefile
config.status:825: creating src/aces/aces_library/special_directory/oed_F12/Makefile
config.status:825: creating src/aces/aces_library/special_directory/F12_grid/Makefile
config.status:825: creating src/aces/aces_library/special_directory/dkh/Makefile
config.status:825: creating src/aces/aces_library/special_directory/direct_integral/Makefile
config.status:825: creating src/aces/aces_library/a2driver/symcor/Makefile
config.status:825: creating src/aces/aces_library/a2driver/aces2/Makefile
config.status:825: creating src/aces/aces_library/a2driver/geopt/Makefile
config.status:825: creating src/sia/framelib/Makefile
config.status:825: creating src/sia/manager/Makefile
config.status:825: creating src/sia/sip/aces_instructions/Makefile
config.status:825: creating src/sia/sip/aces_instructions_extnd/Makefile
config.status:825: creating src/sia/sip/sip_instructions/Makefile
config.status:825: creating src/sia/worker/Makefile
config.status:825: creating src/sia/sip_shared/Makefile
config.status:825: creating test_compare/Makefile
config.status:825: creating config.h
config.status:995: config.h is unchanged

## ---------------- ##
## Cache variables. ##
## ---------------- ##

ac_cv_env_CCC_set=
ac_cv_env_CCC_value=
ac_cv_env_CC_set=set
ac_cv_env_CC_value=mpicc
ac_cv_env_CFLAGS_set=set
ac_cv_env_CFLAGS_value='-DMPIF2C -DC_SUFFIX -DMPI2 -DCB_SUFFIX -shared-intel -O2 -msse3 -axcore-avx2,core-avx-i'
ac_cv_env_CPPFLAGS_set=
ac_cv_env_CPPFLAGS_value=
ac_cv_env_CPP_set=
ac_cv_env_CPP_value=
ac_cv_env_CXXFLAGS_set=set
ac_cv_env_CXXFLAGS_value='-DMPIF2C -DC_SUFFIX -DCB_SUFFIX -DMPI2 -shared-intel -O2 -msse3 -axcore-avx2,core-avx-i'
ac_cv_env_CXX_set=set
ac_cv_env_CXX_value=mpicxx
ac_cv_env_FCFLAGS_set=set
ac_cv_env_FCFLAGS_value='-D__fortran -D__fortran77 -DMPIF2C -Zp8 -zero -traceback -DMPI2 -shared-intel -O2 -msse3 -axcore-avx2,core-avx-i'
ac_cv_env_FC_set=set
ac_cv_env_FC_value=mpif77
ac_cv_env_LDFLAGS_set=
ac_cv_env_LDFLAGS_value=
ac_cv_env_LIBS_set=
ac_cv_env_LIBS_value=
ac_cv_env_build_alias_set=
ac_cv_env_build_alias_value=
ac_cv_env_host_alias_set=
ac_cv_env_host_alias_value=
ac_cv_env_target_alias_set=
ac_cv_env_target_alias_value=
ac_cv_header_inttypes_h=no
ac_cv_header_memory_h=no
ac_cv_header_stdc=no
ac_cv_header_stdint_h=no
ac_cv_header_stdlib_h=no
ac_cv_header_string_h=no
ac_cv_header_strings_h=no
ac_cv_header_sys_stat_h=no
ac_cv_header_sys_types_h=no
ac_cv_header_unistd_h=no
ac_cv_path_EGREP='/usr/bin/grep -E'
ac_cv_path_GREP=/usr/bin/grep
ac_cv_prog_CPP='mpicc -E'

## ----------------- ##
## Output variables. ##
## ----------------- ##

ACESFLAGS='-L/apps/compilers/intel/2025/1.0.666/mkl/latest/lib'
ACESLIBS='-Wl,--start-group -lmkl_intel_lp64 -lmkl_sequential -lmkl_core -Wl,--end-group'
CC='mpicc'
CFLAGS='-DMPIF2C -DC_SUFFIX -DMPI2 -DCB_SUFFIX -shared-intel -O2 -msse3 -axcore-avx2,core-avx-i'
CPP='mpicc -E'
CPPFLAGS=''
CXX='mpicxx'
CXXFLAGS='-DMPIF2C -DC_SUFFIX -DCB_SUFFIX -DMPI2 -shared-intel -O2 -msse3 -axcore-avx2,core-avx-i'
DEFS='-DHAVE_CONFIG_H'
ECHO_C=''
ECHO_N='-n'
ECHO_T=''
EGREP='/usr/bin/grep -E'
EXEEXT=''
FC='mpif77'
FCFLAGS='-D__fortran -D__fortran77 -DMPIF2C -Zp8 -zero -traceback -DMPI2 -shared-intel -O2 -msse3 -axcore-avx2,core-avx-i'
GREP='/usr/bin/grep'
LDFLAGS=''
LIBOBJS=''
LIBS=''
LTLIBOBJS=''
MKLFLAGS='-L/apps/compilers/intel/2025/1.0.666/mkl/latest/lib'
MKLLIBS='-Wl,--start-group -lmkl_intel_lp64 -lmkl_sequential -lmkl_core -Wl,--end-group'
OBJEXT=''
PACKAGE_BUGREPORT='BUG-REPORT-ADDRESS'
PACKAGE_NAME='FULL-PACKAGE-NAME'
PACKAGE_STRING='FULL-PACKAGE-NAME VERSION'
PACKAGE_TARNAME='full-package-name'
PACKAGE_URL=''
PACKAGE_VERSION='VERSION'
PATH_SEPARATOR=':'
SERIAL_CPP='icpx'
SHELL='/bin/sh'
SIAL_COMPILER_LIBS='-lsial -lsip_shared -laces2  -lifcore'
ac_ct_CC=''
ac_ct_CXX=''
ac_ct_FC=''
bindir='${exec_prefix}/bin'
build_alias=''
datadir='${datarootdir}'
datarootdir='${prefix}/share'
docdir='${datarootdir}/doc/${PACKAGE_TARNAME}'
dvidir='${docdir}'
exec_prefix='${prefix}'
host_alias=''
htmldir='${docdir}'
includedir='${prefix}/include'
infodir='${datarootdir}/info'
libdir='${exec_prefix}/lib'
libexecdir='${exec_prefix}/libexec'
localedir='${datarootdir}/locale'
localstatedir='${prefix}/var'
mandir='${datarootdir}/man'
oldincludedir='/usr/include'
pdfdir='${docdir}'
prefix='/usr/local'
program_transform_name='s,x,x,'
psdir='${docdir}'
runstatedir='${localstatedir}/run'
sbindir='${exec_prefix}/sbin'
sharedstatedir='${prefix}/com'
sysconfdir='${prefix}/etc'
target_alias=''

## ----------- ##
## confdefs.h. ##
## ----------- ##

/* confdefs.h */
#define PACKAGE_NAME "FULL-PACKAGE-NAME"
#define PACKAGE_TARNAME "full-package-name"
#define PACKAGE_VERSION "VERSION"
#define PACKAGE_STRING "FULL-PACKAGE-NAME VERSION"
#define PACKAGE_BUGREPORT "BUG-REPORT-ADDRESS"
#define PACKAGE_URL ""

configure: exit 0
